------------------------------------------------------------
Timing Analyzer Summary
------------------------------------------------------------

Type  : Slow 1200mV 85C Model Setup 'base_clock'
Slack : 8.474
TNS   : 0.000

Type  : Slow 1200mV 85C Model Setup 'adc_clk|altpll_component|auto_generated|pll1|clk[0]'
Slack : 13.669
TNS   : 0.000

Type  : Slow 1200mV 85C Model Hold 'adc_clk|altpll_component|auto_generated|pll1|clk[0]'
Slack : 0.346
TNS   : 0.000

Type  : Slow 1200mV 85C Model Hold 'base_clock'
Slack : 1.633
TNS   : 0.000

Type  : Slow 1200mV 85C Model Minimum Pulse Width 'base_clock'
Slack : 9.572
TNS   : 0.000

Type  : Slow 1200mV 85C Model Minimum Pulse Width 'adc_clk|altpll_component|auto_generated|pll1|clk[0]'
Slack : 494.575
TNS   : 0.000

Type  : Slow 1200mV 85C Model Minimum Pulse Width 'pll_src'
Slack : 499.895
TNS   : 0.000

Type  : Slow 1200mV 0C Model Setup 'base_clock'
Slack : 9.233
TNS   : 0.000

Type  : Slow 1200mV 0C Model Setup 'adc_clk|altpll_component|auto_generated|pll1|clk[0]'
Slack : 14.432
TNS   : 0.000

Type  : Slow 1200mV 0C Model Hold 'adc_clk|altpll_component|auto_generated|pll1|clk[0]'
Slack : 0.312
TNS   : 0.000

Type  : Slow 1200mV 0C Model Hold 'base_clock'
Slack : 1.464
TNS   : 0.000

Type  : Slow 1200mV 0C Model Minimum Pulse Width 'base_clock'
Slack : 9.595
TNS   : 0.000

Type  : Slow 1200mV 0C Model Minimum Pulse Width 'adc_clk|altpll_component|auto_generated|pll1|clk[0]'
Slack : 494.631
TNS   : 0.000

Type  : Slow 1200mV 0C Model Minimum Pulse Width 'pll_src'
Slack : 499.920
TNS   : 0.000

Type  : Fast 1200mV 0C Model Setup 'base_clock'
Slack : 13.742
TNS   : 0.000

Type  : Fast 1200mV 0C Model Setup 'adc_clk|altpll_component|auto_generated|pll1|clk[0]'
Slack : 17.337
TNS   : 0.000

Type  : Fast 1200mV 0C Model Hold 'adc_clk|altpll_component|auto_generated|pll1|clk[0]'
Slack : -0.165
TNS   : -0.551

Type  : Fast 1200mV 0C Model Hold 'base_clock'
Slack : 0.627
TNS   : 0.000

Type  : Fast 1200mV 0C Model Minimum Pulse Width 'base_clock'
Slack : 9.413
TNS   : 0.000

Type  : Fast 1200mV 0C Model Minimum Pulse Width 'adc_clk|altpll_component|auto_generated|pll1|clk[0]'
Slack : 494.903
TNS   : 0.000

Type  : Fast 1200mV 0C Model Minimum Pulse Width 'pll_src'
Slack : 499.668
TNS   : 0.000

------------------------------------------------------------
